<PartCoverReport version="4.0" date="2011-05-10T12:15:32.0469364+01:00" />